// Jest Snapshot v1, https://goo.gl/fbAQLP

exports[`fixtures basic 1`] = `
"Used script: microbundle

Directory tree:

basic
  dist
    basic-lib.js
    basic-lib.js.map
    basic-lib.mjs
    basic-lib.mjs.map
    basic-lib.umd.js
    basic-lib.umd.js.map
  package.json
  src
    index.js
    two.js


Build \\"basicLib\\" to dist:
211 B: basic-lib.js.gz
154 B: basic-lib.js.br
210 B: basic-lib.mjs.gz
155 B: basic-lib.mjs.br
292 B: basic-lib.umd.js.gz
228 B: basic-lib.umd.js.br"
`;

exports[`fixtures basic-css 1`] = `
"Used script: microbundle

Directory tree:

basic-css
  dist
    basic-css.css
    basic-css.js
    basic-css.js.map
    basic-css.mjs
    basic-css.mjs.map
    basic-css.umd.js
    basic-css.umd.js.map
  package.json
  src
    index.js
    two.css


Build \\"basicCss\\" to dist:
107 B: basic-css.js.gz
60 B: basic-css.js.br
106 B: basic-css.mjs.gz
56 B: basic-css.mjs.br
188 B: basic-css.umd.js.gz
135 B: basic-css.umd.js.br"
`;

exports[`fixtures basic-ts 1`] = `
"Used script: microbundle

Directory tree:

basic-ts
  dist
    basic-lib-ts.js
    basic-lib-ts.js.map
    basic-lib-ts.mjs
    basic-lib-ts.mjs.map
    basic-lib-ts.umd.js
    basic-lib-ts.umd.js.map
    car.d.ts
    index.d.ts
  package.json
  src
    car.ts
    index.ts
  tsconfig.json


Build \\"basicLibTs\\" to dist:
104 B: basic-lib-ts.js.gz
76 B: basic-lib-ts.js.br
97 B: basic-lib-ts.mjs.gz
73 B: basic-lib-ts.mjs.br
180 B: basic-lib-ts.umd.js.gz
137 B: basic-lib-ts.umd.js.br"
`;

exports[`fixtures basic-tsx 1`] = `
"Used script: microbundle

Directory tree:

basic-tsx
  dist
    basic-lib-tsx.js
    basic-lib-tsx.js.map
    basic-lib-tsx.mjs
    basic-lib-tsx.mjs.map
    basic-lib-tsx.umd.js
    basic-lib-tsx.umd.js.map
    index.d.ts
  package.json
  src
    index.tsx
  tsconfig.json


Build \\"basicLibTsx\\" to dist:
221 B: basic-lib-tsx.js.gz
179 B: basic-lib-tsx.js.br
222 B: basic-lib-tsx.mjs.gz
197 B: basic-lib-tsx.mjs.br
295 B: basic-lib-tsx.umd.js.gz
236 B: basic-lib-tsx.umd.js.br"
`;

exports[`fixtures basic-with-cwd 1`] = `
"Used script: microbundle --cwd ./basic

Directory tree:

basic-with-cwd
  basic
    dist
      basic.js
      basic.js.map
      basic.mjs
      basic.mjs.map
      basic.umd.js
      basic.umd.js.map
    package.json
    src
      index.js
      two.js
  package.json


Build \\"basic\\" to dist:
211 B: basic.js.gz
154 B: basic.js.br
210 B: basic.mjs.gz
155 B: basic.mjs.br
287 B: basic.umd.js.gz
224 B: basic.umd.js.br"
`;

exports[`fixtures custom-source 1`] = `
"Used script: microbundle

Directory tree:

custom-source
  dist
    custom-source.js
    custom-source.js.map
    custom-source.mjs
    custom-source.mjs.map
    custom-source.umd.js
    custom-source.umd.js.map
  package.json
  src
    custom-source.js
    two.js


Build \\"customSource\\" to dist:
211 B: custom-source.js.gz
154 B: custom-source.js.br
210 B: custom-source.mjs.gz
155 B: custom-source.mjs.br
293 B: custom-source.umd.js.gz
226 B: custom-source.umd.js.br"
`;

exports[`fixtures custom-source-with-cwd 1`] = `
"Used script: microbundle --cwd ./custom-source

Directory tree:

custom-source-with-cwd
  custom-source
    dist
      custom-src.js
      custom-src.js.map
      custom-src.mjs
      custom-src.mjs.map
      custom-src.umd.js
      custom-src.umd.js.map
    package.json
    src
      custom-source.js
      two.js
  package.json


Build \\"customSrc\\" to dist:
211 B: custom-src.js.gz
154 B: custom-src.js.br
210 B: custom-src.mjs.gz
155 B: custom-src.mjs.br
291 B: custom-src.umd.js.gz
228 B: custom-src.umd.js.br"
`;

exports[`fixtures jsx 1`] = `
"Used script: microbundle

Directory tree:

jsx
  dist
    jsx.js
    jsx.js.map
    jsx.mjs
    jsx.mjs.map
    jsx.umd.js
    jsx.umd.js.map
  index.js
  package.json


Build \\"jsx\\" to dist:
211 B: jsx.js.gz
168 B: jsx.js.br
212 B: jsx.mjs.gz
170 B: jsx.mjs.br
283 B: jsx.umd.js.gz
230 B: jsx.umd.js.br"
`;

exports[`fixtures name-custom-amd 1`] = `
"Used script: microbundle

Directory tree:

name-custom-amd
  dist
    name-custom-amd.js
    name-custom-amd.js.map
    name-custom-amd.mjs
    name-custom-amd.mjs.map
    name-custom-amd.umd.js
    name-custom-amd.umd.js.map
  package.json
  src
    index.js
    two.js


Build \\"customNameAmd\\" to dist:
211 B: name-custom-amd.js.gz
154 B: name-custom-amd.js.br
210 B: name-custom-amd.mjs.gz
155 B: name-custom-amd.mjs.br
295 B: name-custom-amd.umd.js.gz
230 B: name-custom-amd.umd.js.br"
`;

exports[`fixtures name-custom-cli 1`] = `
"Used script: microbundle --name nameCustomCli

Directory tree:

name-custom-cli
  dist
    name-custom.js
    name-custom.js.map
    name-custom.mjs
    name-custom.mjs.map
    name-custom.umd.js
    name-custom.umd.js.map
  package.json
  src
    index.js
    two.js


Build \\"nameCustomCli\\" to dist:
211 B: name-custom.js.gz
154 B: name-custom.js.br
210 B: name-custom.mjs.gz
155 B: name-custom.mjs.br
294 B: name-custom.umd.js.gz
231 B: name-custom.umd.js.br"
`;

exports[`fixtures no-pkg 1`] = `
"Used script: microbundle

Directory tree:

no-pkg
  dist
    no-pkg.js
    no-pkg.js.map
    no-pkg.mjs
    no-pkg.mjs.map
    no-pkg.umd.js
    no-pkg.umd.js.map
  src
    index.js
    two.js


Build \\"noPkg\\" to dist:
211 B: no-pkg.js.gz
154 B: no-pkg.js.br
210 B: no-pkg.mjs.gz
155 B: no-pkg.mjs.br
288 B: no-pkg.umd.js.gz
228 B: no-pkg.umd.js.br"
`;

exports[`fixtures no-pkg-name 1`] = `
"Used script: microbundle

Directory tree:

no-pkg-name
  dist
    no-pkg-name.js
    no-pkg-name.js.map
    no-pkg-name.mjs
    no-pkg-name.mjs.map
    no-pkg-name.umd.js
    no-pkg-name.umd.js.map
  package.json
  src
    index.js
    two.js


Build \\"noPkgName\\" to dist:
211 B: no-pkg-name.js.gz
154 B: no-pkg-name.js.br
210 B: no-pkg-name.mjs.gz
155 B: no-pkg-name.mjs.br
292 B: no-pkg-name.umd.js.gz
230 B: no-pkg-name.umd.js.br"
`;

exports[`fixtures pretty 1`] = `
"Used script: microbundle

Directory tree:

pretty
  dist
    pretty.js
    pretty.js.map
    pretty.mjs
    pretty.mjs.map
    pretty.umd.js
    pretty.umd.js.map
  package.json
  src
    index.js


Build \\"pretty\\" to dist:
6.33 kB: pretty.js.gz
5.19 kB: pretty.js.br
6.34 kB: pretty.mjs.gz
5.21 kB: pretty.mjs.br
6.46 kB: pretty.umd.js.gz
5.3 kB: pretty.umd.js.br"
`;

exports[`fixtures raw 1`] = `
"Used script: microbundle --raw

Directory tree:

raw
  dist
    raw.js
    raw.js.map
    raw.mjs
    raw.mjs.map
    raw.umd.js
    raw.umd.js.map
  package.json
  src
    index.js


Build \\"raw\\" to dist:
1389 B: raw.js.gz
1160 B: raw.js.br
1398 B: raw.mjs.gz
1169 B: raw.mjs.br
1493 B: raw.umd.js.gz
1245 B: raw.umd.js.br"
`;
